// Jest Snapshot v1, https://jestjs.io/docs/snapshot-testing

exports[`LoadingComponent matches snapshot 1`] = `
<DocumentFragment>
  <div
    class="flex items-center justify-center w-full min-h-screen"
  >
    <div
      class="flex min-w-0 flex-1 flex-col items-center justify-center gap-6 rounded-lg border-dashed p-6 text-center text-balance md:p-12 shadow-md container mx-auto h-[450px] dark:shadow-gray-200"
      data-slot="empty"
    >
      <div
        class="flex max-w-sm flex-col items-center gap-2 text-center"
        data-slot="empty-header"
      >
        <div
          class="mb-2 [&_svg]:pointer-events-none [&_svg]:shrink-0 bg-muted text-foreground flex size-10 shrink-0 items-center justify-center rounded-lg [&_svg:not([class*='size-'])]:size-6"
          data-slot="empty-icon"
          data-variant="icon"
        >
          <span
            class="animate-spin"
            data-testid="icon-LoaderIcon"
          />
        </div>
        <div
          class="text-lg font-medium tracking-tight"
          data-slot="empty-title"
        >
          Loading...
        </div>
        <div
          class="text-muted-foreground [&>a:hover]:text-primary text-sm/relaxed [&>a]:underline [&>a]:underline-offset-4"
          data-slot="empty-description"
        >
          Please wait
        </div>
      </div>
    </div>
  </div>
</DocumentFragment>
`;
