// Jest Snapshot v1, https://jestjs.io/docs/snapshot-testing

exports[`DeleteRelease matches snapshot 1`] = `
<DocumentFragment>
  <div
    data-testid="alert-dialog"
  >
    <div
      class="bg-destructive"
      data-testid="alert-dialog-trigger"
    >
      <span
        data-testid="icon-TrashIcon"
        size="24"
      />
       Delete Release
    </div>
    <div
      data-testid="alert-dialog-content"
    >
      <div>
        <div>
          Are you absolutely sure you want to delete this release?
        </div>
        <div>
          This action cannot be undone. This will permanently delete release and remove release data from our servers.
        </div>
      </div>
      <div>
        <button>
          Cancel
        </button>
        <button
          class="bg-destructive"
          data-testid="alert-dialog-action"
        >
          <div
            class="grid grid-cols-1 items-center justify-items-center"
          >
            <div
              class="col-start-1 col-end-2 row-start-1 row-end-2 w-full visible"
            >
              <span
                class="flex items-center gap-2"
              >
                <span
                  data-testid="icon-TrashIcon"
                  size="24"
                />
                 Delete Release
              </span>
            </div>
            <div
              class="col-start-1 col-end-2 row-start-1 row-end-2 invisible"
            >
              <div
                data-testid="spinner"
              >
                <span
                  data-testid="icon-Loader2Icon"
                />
              </div>
            </div>
          </div>
        </button>
      </div>
    </div>
  </div>
</DocumentFragment>
`;
