// Jest Snapshot v1, https://jestjs.io/docs/snapshot-testing

exports[`ReleasesTable matches snapshot 1`] = `
<DocumentFragment>
  <div>
    <div>
      <div>
        <a
          href="/project/details/proj1/release/rel1"
        >
          <div>
            Release 1
          </div>
          <div>
            Desc 1
          </div>
        </a>
      </div>
      <div>
        <div
          class="flex items-center gap-2 flex-wrap"
        >
          <span
            class="inline-flex items-center justify-center rounded-full border px-2 py-0.5 text-xs font-medium w-fit whitespace-nowrap shrink-0 [&>svg]:size-3 gap-1 [&>svg]:pointer-events-none focus-visible:border-ring focus-visible:ring-ring/50 focus-visible:ring-[3px] aria-invalid:ring-destructive/20 dark:aria-invalid:ring-destructive/40 aria-invalid:border-destructive transition-[color,box-shadow] overflow-hidden border-transparent bg-primary text-primary-foreground [a&]:hover:bg-primary/90"
            data-slot="badge"
          >
            APPROVED
          </span>
          <span
            class="inline-flex items-center justify-center rounded-full border px-2 py-0.5 text-xs font-medium w-fit whitespace-nowrap shrink-0 [&>svg]:size-3 gap-1 [&>svg]:pointer-events-none focus-visible:border-ring focus-visible:ring-ring/50 focus-visible:ring-[3px] aria-invalid:ring-destructive/20 dark:aria-invalid:ring-destructive/40 aria-invalid:border-destructive transition-[color,box-shadow] overflow-hidden border-transparent bg-success text-white [a&]:hover:bg-success/90"
            data-slot="badge"
          >
            PUBLIC
          </span>
        </div>
        <div
          data-testid="avatar-group"
        />
      </div>
      <div>
        <div
          class="flex items-center gap-2"
        >
          <div
            class="flex items-center gap-1 text-green-500"
          >
            <span
              class="w-4 h-4"
              data-testid="icon-TrendingUpIcon"
            />
            <span
              class="text-xs font-medium"
            >
              0
            </span>
          </div>
          <div
            class="flex items-center gap-1 text-red-500"
          >
            <span
              class="w-4 h-4"
              data-testid="icon-TrendingDownIcon"
            />
            <span
              class="text-xs font-medium"
            >
              0
            </span>
          </div>
          <div
            class="flex items-center gap-1 text-primary"
          >
            <span
              class="w-4 h-4"
              data-testid="icon-ViewIcon"
            />
            <span
              class="text-xs font-medium"
            >
              10
            </span>
          </div>
          <div
            class="flex items-center gap-1 text-orange-500"
          >
            <span
              class="w-4 h-4"
              data-testid="icon-StarIcon"
            />
            <span
              class="text-xs font-bold truncate"
            >
              5.0 (1)
            </span>
          </div>
          <div
            class="flex items-center gap-1 text-orange-500"
          >
            <span
              class="w-4 h-4"
              data-testid="icon-MessageSquareIcon"
            />
            <span
              class="text-xs font-bold"
            >
              1
            </span>
          </div>
        </div>
      </div>
    </div>
  </div>
</DocumentFragment>
`;
