// Jest Snapshot v1, https://jestjs.io/docs/snapshot-testing

exports[`LoadingSwap matches snapshot 1`] = `
<DocumentFragment>
  <div
    class="grid grid-cols-1 items-center justify-items-center"
  >
    <div
      class="col-start-1 col-end-2 row-start-1 row-end-2 w-full visible"
    >
      <div>
        Content
      </div>
    </div>
    <div
      class="col-start-1 col-end-2 row-start-1 row-end-2 invisible"
    >
      <div
        data-testid="spinner"
      >
        <span
          data-testid="icon-Loader2Icon"
        />
      </div>
    </div>
  </div>
</DocumentFragment>
`;
